// Vitest Snapshot v1, https://vitest.dev/guide/snapshot.html

exports[`should render placeholder element when using placeholder prop 1`] = `"<div class="nut-navbar nut-navbar-fixed nut-navbar-align-center" style="z-index: 10;"><div class="nut-navbar-title nut-navbar-title-align-center" style="min-width: 100%; width: 100%;">订单详情</div><div class="nut-navbar-right nut-navbar-right-align-center"></div></div>"`;
